// Jest Snapshot v1, https://goo.gl/fbAQLP

exports[`components <Main /> renders correctly 1`] = `
<div>
  <nav
    className="navbar navbar-light bg-faded"
  >
    <a
      className="navbar-brand"
      href="../"
    >
      POKEDEX
    </a>
  </nav>
  <div>
    Tu będą pokemony
  </div>
</div>
`;
